------------------------------------------------------------
Timing Analyzer Summary
------------------------------------------------------------

Type  : Setup 'divisor_frequencia:df|FF_jk:FF_jk22|q'
Slack : -1.925
TNS   : -3.842

Type  : Setup 'divisor_frequencia:df|FF_jk:FF_jk18|q'
Slack : 0.210
TNS   : 0.000

Type  : Setup 'divisor_frequencia:df|FF_jk:FF_jk10|q'
Slack : 0.466
TNS   : 0.000

Type  : Setup 'divisor_frequencia:df|FF_jk:FF_jk20|q'
Slack : 0.466
TNS   : 0.000

Type  : Setup 'divisor_frequencia:df|FF_jk:FF_jk2|q'
Slack : 0.466
TNS   : 0.000

Type  : Setup 'divisor_frequencia:df|FF_jk:FF_jk4|q'
Slack : 0.466
TNS   : 0.000

Type  : Setup 'divisor_frequencia:df|FF_jk:FF_jk12|q'
Slack : 0.467
TNS   : 0.000

Type  : Setup 'divisor_frequencia:df|FF_jk:FF_jk14|q'
Slack : 0.467
TNS   : 0.000

Type  : Setup 'divisor_frequencia:df|FF_jk:FF_jk16|q'
Slack : 0.467
TNS   : 0.000

Type  : Setup 'divisor_frequencia:df|FF_jk:FF_jk6|q'
Slack : 0.467
TNS   : 0.000

Type  : Setup 'divisor_frequencia:df|FF_jk:FF_jk8|q'
Slack : 0.467
TNS   : 0.000

Type  : Setup 'divisor_frequencia:df|FF_jk:FF_jk17|q'
Slack : 0.560
TNS   : 0.000

Type  : Setup 'divisor_frequencia:df|FF_jk:FF_jk5|q'
Slack : 0.808
TNS   : 0.000

Type  : Setup 'divisor_frequencia:df|FF_jk:FF_jk7|q'
Slack : 0.808
TNS   : 0.000

Type  : Setup 'divisor_frequencia:df|FF_jk:FF_jk13|q'
Slack : 0.819
TNS   : 0.000

Type  : Setup 'divisor_frequencia:df|FF_jk:FF_jk15|q'
Slack : 0.819
TNS   : 0.000

Type  : Setup 'divisor_frequencia:df|FF_jk:FF_jk21|q'
Slack : 0.842
TNS   : 0.000

Type  : Setup 'divisor_frequencia:df|FF_jk:FF_jk11|q'
Slack : 0.904
TNS   : 0.000

Type  : Setup 'divisor_frequencia:df|FF_jk:FF_jk9|q'
Slack : 1.089
TNS   : 0.000

Type  : Setup 'divisor_frequencia:df|FF_jk:FF_jk1|q'
Slack : 1.111
TNS   : 0.000

Type  : Setup 'divisor_frequencia:df|FF_jk:FF_jk3|q'
Slack : 1.192
TNS   : 0.000

Type  : Setup 'divisor_frequencia:df|FF_jk:FF_jk19|q'
Slack : 1.323
TNS   : 0.000

Type  : Setup 'clock_in'
Slack : 1.666
TNS   : 0.000

Type  : Hold 'clock_in'
Slack : -1.720
TNS   : -1.720

Type  : Hold 'divisor_frequencia:df|FF_jk:FF_jk19|q'
Slack : -1.377
TNS   : -1.377

Type  : Hold 'divisor_frequencia:df|FF_jk:FF_jk3|q'
Slack : -1.246
TNS   : -1.246

Type  : Hold 'divisor_frequencia:df|FF_jk:FF_jk1|q'
Slack : -1.165
TNS   : -1.165

Type  : Hold 'divisor_frequencia:df|FF_jk:FF_jk9|q'
Slack : -1.143
TNS   : -1.143

Type  : Hold 'divisor_frequencia:df|FF_jk:FF_jk11|q'
Slack : -0.958
TNS   : -0.958

Type  : Hold 'divisor_frequencia:df|FF_jk:FF_jk21|q'
Slack : -0.896
TNS   : -0.896

Type  : Hold 'divisor_frequencia:df|FF_jk:FF_jk13|q'
Slack : -0.873
TNS   : -0.873

Type  : Hold 'divisor_frequencia:df|FF_jk:FF_jk15|q'
Slack : -0.873
TNS   : -0.873

Type  : Hold 'divisor_frequencia:df|FF_jk:FF_jk5|q'
Slack : -0.862
TNS   : -0.862

Type  : Hold 'divisor_frequencia:df|FF_jk:FF_jk7|q'
Slack : -0.862
TNS   : -0.862

Type  : Hold 'divisor_frequencia:df|FF_jk:FF_jk17|q'
Slack : -0.614
TNS   : -0.614

Type  : Hold 'divisor_frequencia:df|FF_jk:FF_jk12|q'
Slack : -0.521
TNS   : -0.521

Type  : Hold 'divisor_frequencia:df|FF_jk:FF_jk14|q'
Slack : -0.521
TNS   : -0.521

Type  : Hold 'divisor_frequencia:df|FF_jk:FF_jk16|q'
Slack : -0.521
TNS   : -0.521

Type  : Hold 'divisor_frequencia:df|FF_jk:FF_jk6|q'
Slack : -0.521
TNS   : -0.521

Type  : Hold 'divisor_frequencia:df|FF_jk:FF_jk8|q'
Slack : -0.521
TNS   : -0.521

Type  : Hold 'divisor_frequencia:df|FF_jk:FF_jk10|q'
Slack : -0.520
TNS   : -0.520

Type  : Hold 'divisor_frequencia:df|FF_jk:FF_jk20|q'
Slack : -0.520
TNS   : -0.520

Type  : Hold 'divisor_frequencia:df|FF_jk:FF_jk2|q'
Slack : -0.520
TNS   : -0.520

Type  : Hold 'divisor_frequencia:df|FF_jk:FF_jk4|q'
Slack : -0.520
TNS   : -0.520

Type  : Hold 'divisor_frequencia:df|FF_jk:FF_jk18|q'
Slack : -0.264
TNS   : -0.264

Type  : Hold 'divisor_frequencia:df|FF_jk:FF_jk22|q'
Slack : 1.661
TNS   : 0.000

Type  : Minimum Pulse Width 'clock_in'
Slack : -2.289
TNS   : -2.289

Type  : Minimum Pulse Width 'divisor_frequencia:df|FF_jk:FF_jk10|q'
Slack : 0.234
TNS   : 0.000

Type  : Minimum Pulse Width 'divisor_frequencia:df|FF_jk:FF_jk11|q'
Slack : 0.234
TNS   : 0.000

Type  : Minimum Pulse Width 'divisor_frequencia:df|FF_jk:FF_jk12|q'
Slack : 0.234
TNS   : 0.000

Type  : Minimum Pulse Width 'divisor_frequencia:df|FF_jk:FF_jk13|q'
Slack : 0.234
TNS   : 0.000

Type  : Minimum Pulse Width 'divisor_frequencia:df|FF_jk:FF_jk14|q'
Slack : 0.234
TNS   : 0.000

Type  : Minimum Pulse Width 'divisor_frequencia:df|FF_jk:FF_jk15|q'
Slack : 0.234
TNS   : 0.000

Type  : Minimum Pulse Width 'divisor_frequencia:df|FF_jk:FF_jk16|q'
Slack : 0.234
TNS   : 0.000

Type  : Minimum Pulse Width 'divisor_frequencia:df|FF_jk:FF_jk17|q'
Slack : 0.234
TNS   : 0.000

Type  : Minimum Pulse Width 'divisor_frequencia:df|FF_jk:FF_jk18|q'
Slack : 0.234
TNS   : 0.000

Type  : Minimum Pulse Width 'divisor_frequencia:df|FF_jk:FF_jk19|q'
Slack : 0.234
TNS   : 0.000

Type  : Minimum Pulse Width 'divisor_frequencia:df|FF_jk:FF_jk1|q'
Slack : 0.234
TNS   : 0.000

Type  : Minimum Pulse Width 'divisor_frequencia:df|FF_jk:FF_jk20|q'
Slack : 0.234
TNS   : 0.000

Type  : Minimum Pulse Width 'divisor_frequencia:df|FF_jk:FF_jk21|q'
Slack : 0.234
TNS   : 0.000

Type  : Minimum Pulse Width 'divisor_frequencia:df|FF_jk:FF_jk22|q'
Slack : 0.234
TNS   : 0.000

Type  : Minimum Pulse Width 'divisor_frequencia:df|FF_jk:FF_jk2|q'
Slack : 0.234
TNS   : 0.000

Type  : Minimum Pulse Width 'divisor_frequencia:df|FF_jk:FF_jk3|q'
Slack : 0.234
TNS   : 0.000

Type  : Minimum Pulse Width 'divisor_frequencia:df|FF_jk:FF_jk4|q'
Slack : 0.234
TNS   : 0.000

Type  : Minimum Pulse Width 'divisor_frequencia:df|FF_jk:FF_jk5|q'
Slack : 0.234
TNS   : 0.000

Type  : Minimum Pulse Width 'divisor_frequencia:df|FF_jk:FF_jk6|q'
Slack : 0.234
TNS   : 0.000

Type  : Minimum Pulse Width 'divisor_frequencia:df|FF_jk:FF_jk7|q'
Slack : 0.234
TNS   : 0.000

Type  : Minimum Pulse Width 'divisor_frequencia:df|FF_jk:FF_jk8|q'
Slack : 0.234
TNS   : 0.000

Type  : Minimum Pulse Width 'divisor_frequencia:df|FF_jk:FF_jk9|q'
Slack : 0.234
TNS   : 0.000

------------------------------------------------------------
